-----------------------------------------------------------------------------------------------
      name:  <unnamed>
       log:  C:\Users\WLJY8\Desktop\Courses\YEAR 4\WINTER\ECO372\ECO372_Assignment1_2021Jan\ECO
> 372_Assignment1_WANG_Liangjiayi.log
  log type:  text
 opened on:   1 Feb 2021, 07:57:41

. set more off    // This tells Stata to automatically continue if displays exceed screen capac
> ity, instead of making the user click

. clear                   // Removes any data from memory every time this script is run.

. set seed `studentnumber' // Fixes randomization issues

. display "ECO372_Assignment1 " _n "`surname' `firstname' `studentnumber'" _n c(current_date) c
> (current_time)
ECO372_Assignment1 
WANG Liangjiayi 1004405789
 1 Feb 202107:57:41

.                                                                                              
>                                                    
. 
. /*      ====================================
>         ============ EXERCISE  =============
>         ==================================== */
. 
. use "datasets/BurdeLinden_2013.dta", clear                      

. datasignature                                                                           // ch
> ecks data integrity                        
  1728:40(88608):1591026873:2166370196

. 
. // your code for the Exercise questions goes below this
. 
. // a) no code for this question
. 
. // b)
. count 
  1,728

. // count the number of observations
. tab treatment 

  Indicator |
 set to one |
 if village |
      group |
assigned to |
  treatment |      Freq.     Percent        Cum.
------------+-----------------------------------
          0 |        836       48.38       48.38
          1 |        892       51.62      100.00
------------+-----------------------------------
      Total |      1,728      100.00

. // creates tables of frequencies of treatment 
. describe 

Contains data from datasets/BurdeLinden_2013.dta
  obs:         1,728                          
 vars:            40                          22 Jan 2021 21:24
                                              (_dta has notes)
-----------------------------------------------------------------------------------------------
              storage   display    value
variable name   type    format     label      variable label
-----------------------------------------------------------------------------------------------
f07_hh_id       str15   %15s                  Household ID for spring 2008 survey
s08_heads_chi~t float   %9.0g                 Indicator set to one if the child is the son or
                                                daughter of the head of the hous
s08_girls_cnt   float   %9.0g                 Indicator set to one if the child is female,
                                                spring 2008
s08_age_cnt     float   %9.0g                 Child's age, spring 2008
s08_duration_~t float   %9.0g                 Length of time family has lived in the village,
                                                spring 2008
s08_age_head_~t float   %9.0g                 Age of head of the household, spring 2008
s08_yrs_ed_he~t float   %9.0g                 Years of education of the head of the household,
                                                spring 2008
s08_num_ppl_h~t float   %9.0g                 Number of people in the household, spring 2008
s08_jeribs_cnt  float   %9.0g                 Number of jeribs of land owned by household,
                                                spring 2008
s08_num_sheep~t float   %9.0g                 Number of sheeps and goats owned by the
                                                household, spring 2008
s08_farsi_cnt   float   %9.0g                 Family speaks farsi, spring 2008
s08_tajik_cnt   float   %9.0g                 Family speaks tajik, spring 2008
s08_farmer_cnt  float   %9.0g                 Family head is a farmer, spring 2008
s08_test_obse~d float   %9.0g                 Indicator set to one if child took test in spring
                                                2008 survey
f07_heads_chi~t float   %9.0g                 Indicator set to one if the child is the son or
                                                daughter of the head of the hous
f07_girl_cnt    float   %9.0g                 Indicator set to one if the child is female, fall
                                                2007
f07_age_cnt     float   %9.0g                 Child's age, fall 2007
f07_age_head_~t byte    %10.0g                Age of head of the household, fall 2007
f07_yrs_ed_he~t float   %9.0g                 Years of education of the head of the household,
                                                fall 2007
f07_jeribs_cnt  double  %10.0g                Number of jeribs of land owned by household, fall
                                                2007
f07_num_sheep~t byte    %8.0g                 Number of sheeps and goats owned by the
                                                household, fall 2007
f07_duration_~t float   %9.0g                 Length of time family has lived in the village,
                                                fall 2007
f07_farsi_cnt   float   %9.0g                 Family speaks farsi, fall 2007
f07_tajik_cnt   float   %9.0g                 Family speaks tajik, fall 2007
f07_farmer_cnt  float   %9.0g                 Family head is a farmer, fall 2007
f07_num_ppl_h~t float   %9.0g                 Number of people in the household, fall 2007
f07_test_obse~d float   %9.0g                 Indicator set to one if child took test in fall
                                                2007 survey
f07_observed    float   %9.0g                 Indicator set to one if child is observed in fall
                                                2007 survey
s08_observed    float   %9.0g                 Indicator set to one if child is observed in
                                                spring 2008 survey
treatment       float   %9.0g                 Indicator set to one if village group assigned to
                                                treatment
clustercode     float   %9.0g                 Village Group ID
chagcharan      float   %9.0g                 Indicator set to one if the village is located in
                                                Chagcharan district
f07_formal_sc~l float   %9.0g                 Indictor set to one if the child is enrolled in a
                                                formal school, fall 2007
s08_formal_sc~l float   %9.0g                 Total normalized test score, spring 2008
f07_nearest_scl float   %9.0g                 Distance (miles) to the nearest non-community
                                                based school, fall 2007
s08_nearest_scl float   %9.0g                 Distance (miles) to the nearest non-community
                                                based school, spring 2008
f07_both_norm~l float   %9.0g                 Total normalized test score, fall 2007
s08_both_norm~l float   %9.0g                 Indictor set to one if the child is enrolled in a
                                                formal school, spring 2008
s08_hh_id       str8    %9s                   
observation_id  float   %9.0g                 Child ID
-----------------------------------------------------------------------------------------------
Sorted by: 

. // describe each variableâ€™s information
. 
. // c) no code for this question
. 
. // d)
. graph bar (mean) f07_both_norma_total, over (treatment) title("2017 total normalized test sco
> re comparison between treatment and control group",tstyle(size(Medium small)))
(note:  named style Medium small not found in class gsize, default attributes used)

. // create bar graph about the 2017 total normalized test score comparison between treatment a
> nd control group
. // graph export "2017score_distribution1.png", replace
. // export the graph
. 
. // e)
. ttest f07_both_norma_total,by(treatment) unequal 

Two-sample t test with unequal variances
------------------------------------------------------------------------------
   Group |     Obs        Mean    Std. Err.   Std. Dev.   [95% Conf. Interval]
---------+--------------------------------------------------------------------
       0 |     653   -.0068562    .0389941     .996449   -.0834252    .0697129
       1 |     721    .5798561     .039723    1.066619    .5018694    .6578427
---------+--------------------------------------------------------------------
combined |   1,374    .3010183    .0289809    1.074249    .2441667    .3578699
---------+--------------------------------------------------------------------
    diff |           -.5867122    .0556637               -.6959075   -.4775169
------------------------------------------------------------------------------
    diff = mean(0) - mean(1)                                      t = -10.5403
Ho: diff = 0                     Satterthwaite's degrees of freedom =  1370.68

    Ha: diff < 0                 Ha: diff != 0                 Ha: diff > 0
 Pr(T < t) = 0.0000         Pr(|T| > |t|) = 0.0000          Pr(T > t) = 1.0000

. // create t-test and test whether there is a statistically significant difference in Fall 200
> 7 test scores between treatment and control
. 
. // f) no code for this question
. 
. // g) no code for this question
. 
. // h)
. hist f07_both_norma_total if f07_girl_cnt==1,title("Distribution (density) of the Fall 2007 t
> est scores for girls",tstyle(size(Medium small)))
(bin=25, start=-1.3260355, width=.14484478)
(note:  named style Medium small not found in class gsize, default attributes used)

. // create histogram to show the density of the Fall 2007 test scores for girls
. // graph export "2017score_distribution2.png", replace
. // export the graph
. 
. // i)
. ttest f07_both_norma_total if f07_girl_cnt==1 ,by(treatment) unequal

Two-sample t test with unequal variances
------------------------------------------------------------------------------
   Group |     Obs        Mean    Std. Err.   Std. Dev.   [95% Conf. Interval]
---------+--------------------------------------------------------------------
       0 |     310   -.3582405    .0431518    .7597654   -.4431489    -.273332
       1 |     357     .388164    .0530896    1.003099    .2837553    .4925727
---------+--------------------------------------------------------------------
combined |     667    .0412594    .0376297    .9718381   -.0326278    .1151465
---------+--------------------------------------------------------------------
    diff |           -.7464044    .0684148               -.8807439    -.612065
------------------------------------------------------------------------------
    diff = mean(0) - mean(1)                                      t = -10.9100
Ho: diff = 0                     Satterthwaite's degrees of freedom =   653.27

    Ha: diff < 0                 Ha: diff != 0                 Ha: diff > 0
 Pr(T < t) = 0.0000         Pr(|T| > |t|) = 0.0000          Pr(T > t) = 1.0000

. // create t-test and test whether there is a statistically significant difference in Fall 200
> 7 test scores between treatment and control
. 
. // j) no code for this question
. 
. // k)
. ttest f07_yrs_ed_head_cnt,by(treatment) unequal

Two-sample t test with unequal variances
------------------------------------------------------------------------------
   Group |     Obs        Mean    Std. Err.   Std. Dev.   [95% Conf. Interval]
---------+--------------------------------------------------------------------
       0 |     716     3.09148    .1327689    3.552653    2.830817    3.352144
       1 |     785    3.301911    .1261432    3.534261    3.054292    3.549529
---------+--------------------------------------------------------------------
combined |   1,501    3.201532    .0914603    3.543425    3.022129    3.380936
---------+--------------------------------------------------------------------
    diff |           -.2104304    .1831384               -.5696679    .1488071
------------------------------------------------------------------------------
    diff = mean(0) - mean(1)                                      t =  -1.1490
Ho: diff = 0                     Satterthwaite's degrees of freedom =  1484.95

    Ha: diff < 0                 Ha: diff != 0                 Ha: diff > 0
 Pr(T < t) = 0.1254         Pr(|T| > |t|) = 0.2507          Pr(T > t) = 0.8746

. // create t-test and test whether there is a whether there is a statistically significant dif
> ference in parent's education level between the treatment and control group.
. 
. // l)
. generate randvar=runiform()

. //Generate a new variable randvar equal to a random number drawn between 0 and 1.
. generate var1= (randvar>=0.5) 

. // create dummy variable equal to 1 whenever randvar is greater or equal to 0.5, and 0 when r
> andvar is smaller than 0.5.
. tab var1

       var1 |      Freq.     Percent        Cum.
------------+-----------------------------------
          0 |        867       50.17       50.17
          1 |        861       49.83      100.00
------------+-----------------------------------
      Total |      1,728      100.00

. // find the number of individuals in each of these two groups
. 
. // m)
. ttest f07_both_norma_total,by(var1) unequal

Two-sample t test with unequal variances
------------------------------------------------------------------------------
   Group |     Obs        Mean    Std. Err.   Std. Dev.   [95% Conf. Interval]
---------+--------------------------------------------------------------------
       0 |     696    .2835437    .0406869    1.073395    .2036597    .3634277
       1 |     678    .3189569     .041309    1.075623    .2378476    .4000661
---------+--------------------------------------------------------------------
combined |   1,374    .3010183    .0289809    1.074249    .2441667    .3578699
---------+--------------------------------------------------------------------
    diff |           -.0354132    .0579816               -.1491554     .078329
------------------------------------------------------------------------------
    diff = mean(0) - mean(1)                                      t =  -0.6108
Ho: diff = 0                     Satterthwaite's degrees of freedom =   1370.9

    Ha: diff < 0                 Ha: diff != 0                 Ha: diff > 0
 Pr(T < t) = 0.2707         Pr(|T| > |t|) = 0.5415          Pr(T > t) = 0.7293

. // create t-test and test whether there is a whether there is a statistically significant dif
> ference in Fall 2007 test scores between the treatment and control group.
. 
. // n) no code for this question
. 
. 
. /*      =============================================================
>         ============    FINAL COMMANDS  (do not change) ============
>         ============================================================= */
. log close                               // closes your log file
      name:  <unnamed>
       log:  C:\Users\WLJY8\Desktop\Courses\YEAR 4\WINTER\ECO372\ECO372_Assignment1_2021Jan\ECO
> 372_Assignment1_WANG_Liangjiayi.log
  log type:  text
 closed on:   1 Feb 2021, 07:57:43
-----------------------------------------------------------------------------------------------
